../Core/Src/led_control.c:33:6:initializeLEDs	8	static
../Core/Src/led_control.c:62:6:led_pwm_setvalue	16	static
../Core/Src/led_control.c:86:6:setLEDIntensity	16	static
../Core/Src/led_control.c:96:6:setFieldIntensity	24	static
../Core/Src/led_control.c:122:9:getIntensityLevel	16	static
../Core/Src/led_control.c:130:6:setColorMode	24	static
../Core/Src/led_control.c:159:6:setColorModeToEndo	24	static
../Core/Src/led_control.c:178:6:lampOn	24	static
../Core/Src/led_control.c:237:6:lampOff	8	static
../Core/Src/led_control.c:241:6:setEndoMode	24	static
../Core/Src/led_control.c:273:6:setDepthMode	24	static
../Core/Src/led_control.c:292:6:smoothSetLEDIntensity	32	static
